@@bdiff phase toolchain
@@bdiff phase install
? Verifying lockfile against supply-chain policies (60 entries)...
Progress: resolved 28, reused 0, downloaded 1, added 0
Downloading @next/swc-linux-arm64-gnu@16.4.0: 0.00 B/32.76 MB
Downloading @img/sharp-libvips-linux-arm64@1.3.4: 0.00 B/8.48 MB
Downloading next@16.4.0: 0.00 B/43.63 MB
[WARN] Tarball download average speed 24 KiB/s (size 25 KiB) is below 50 KiB/s: https://registry.npmjs.org/react/-/react-19.3.0.tgz (GET)
[WARN] Tarball download average speed 11 KiB/s (size 18 KiB) is below 50 KiB/s: https://registry.npmjs.org/tslib/-/tslib-2.8.1.tgz (GET)
[WARN] Tarball download average speed 9 KiB/s (size 20 KiB) is below 50 KiB/s: https://registry.npmjs.org/undici-types/-/undici-types-6.21.0.tgz (GET)
Progress: resolved 28, reused 0, downloaded 22, added 0
Downloading @img/sharp-libvips-linux-arm64@1.3.4: 1.66 MB/8.48 MB
Downloading next@16.4.0: 1.18 MB/43.63 MB
Downloading @img/sharp-libvips-linux-arm64@1.3.4: 2.57 MB/8.48 MB
Downloading @next/swc-linux-arm64-gnu@16.4.0: 1.45 MB/32.76 MB
[WARN] Tarball download average speed 37 KiB/s (size 322 KiB) is below 50 KiB/s: https://registry.npmjs.org/caniuse-lite/-/caniuse-lite-1.0.30001814.tgz (GET)
Downloading @img/sharp-libvips-linux-arm64@1.3.4: 3.20 MB/8.48 MB
Downloading @next/swc-linux-arm64-gnu@16.4.0: 1.96 MB/32.76 MB
[WARN] Request took 11622ms: https://registry.npmjs.org/caniuse-lite
[WARN] Request took 11993ms: https://registry.npmjs.org/@next%2Fswc-darwin-arm64
Downloading @img/sharp-libvips-linux-arm64@1.3.4: 3.93 MB/8.48 MB
[WARN] Request took 13582ms: https://registry.npmjs.org/@next%2Fswc-linux-x64-gnu
[WARN] Request took 13698ms: https://registry.npmjs.org/@next%2Fswc-linux-arm64-musl
[WARN] Request took 13875ms: https://registry.npmjs.org/@next%2Fswc-linux-arm64-gnu
Downloading @next/swc-linux-arm64-gnu@16.4.0: 2.91 MB/32.76 MB
[WARN] Request took 15513ms: https://registry.npmjs.org/react
[WARN] Request took 15660ms: https://registry.npmjs.org/react-dom
[WARN] Request took 15721ms: https://registry.npmjs.org/scheduler
[WARN] Request took 15984ms: https://registry.npmjs.org/@next%2Fswc-win32-x64-msvc
[WARN] Request took 16546ms: https://registry.npmjs.org/next
Downloading @next/swc-linux-arm64-gnu@16.4.0: 4.03 MB/32.76 MB
[WARN] Request took 18258ms: https://registry.npmjs.org/typescript
Downloading @next/swc-linux-arm64-gnu@16.4.0: 5.00 MB/32.76 MB
Downloading @next/swc-linux-arm64-gnu@16.4.0: 5.65 MB/32.76 MB
Downloading @next/swc-linux-arm64-gnu@16.4.0: 6.66 MB/32.76 MB
Downloading @next/swc-linux-arm64-gnu@16.4.0: 7.39 MB/32.76 MB
Downloading @next/swc-linux-arm64-gnu@16.4.0: 8.01 MB/32.76 MB
Downloading @next/swc-linux-arm64-gnu@16.4.0: 8.45 MB/32.76 MB
Downloading @next/swc-linux-arm64-gnu@16.4.0: 9.09 MB/32.76 MB
Downloading @next/swc-linux-arm64-gnu@16.4.0: 9.86 MB/32.76 MB
✓ Lockfile passes supply-chain policies (60 entries in 26.7s)
Lockfile is up to date, resolution step is skipped
Downloading @next/swc-linux-arm64-gnu@16.4.0: 11.33 MB/32.76 MB
Downloading @next/swc-linux-arm64-gnu@16.4.0: 12.40 MB/32.76 MB
Downloading @next/swc-linux-arm64-gnu@16.4.0: 14.10 MB/32.76 MB
Downloading @next/swc-linux-arm64-gnu@16.4.0: 15.43 MB/32.76 MB
Downloading @next/swc-linux-arm64-gnu@16.4.0: 16.54 MB/32.76 MB
Downloading next@16.4.0: 17.34 MB/43.63 MB
Downloading next@16.4.0: 18.34 MB/43.63 MB
Downloading next@16.4.0: 19.30 MB/43.63 MB
Downloading next@16.4.0: 20.83 MB/43.63 MB
Downloading next@16.4.0: 22.61 MB/43.63 MB
Downloading next@16.4.0: 24.50 MB/43.63 MB
Downloading @next/swc-linux-arm64-gnu@16.4.0: 30.34 MB/32.76 MB
Downloading @next/swc-linux-arm64-gnu@16.4.0: 32.76 MB/32.76 MB, done
Downloading next@16.4.0: 31.01 MB/43.63 MB
Downloading next@16.4.0: 33.22 MB/43.63 MB
Downloading next@16.4.0: 35.40 MB/43.63 MB
Downloading next@16.4.0: 37.91 MB/43.63 MB
Downloading next@16.4.0: 41.05 MB/43.63 MB
Downloading next@16.4.0: 43.39 MB/43.63 MB
Packages are hard linked from the content-addressable store to the virtual store.
  Content-addressable store is at: /root/.local/share/pnpm/store/v11
  Virtual store is at:             node_modules/.pnpm
Packages: +28
++++++++++++++++++++++++++++
Progress: resolved 28, reused 0, downloaded 28, added 28, done

dependencies:
+ next 16.4.0
+ react 19.3.0
+ react-dom 19.3.0

devDependencies:
+ @types/node 22.20.5
+ @types/react 19.3.0
+ @types/react-dom 19.3.0
+ typescript 6.0.3

Done in 48s using pnpm v12.9.1
@@bdiff phase build
$ next build
▲ Next.js 16.4.0 (Turbopack)
✓ Running next.config.ts took 11ms
⚠ No build cache found. Please configure build caching for faster rebuilds. Read more: https://nextjs.org/docs/messages/no-cache

  Creating an optimized production build ...
✓ Compiled successfully in 1753ms
  Running TypeScript ...

  We detected TypeScript in your project and reconfigured your tsconfig.json file for you.
  The following suggested values were added to your tsconfig.json. These values can be changed to fit your project's needs:

  	- allowJs was set to true
  	- include was updated to add '.next/dev/types/**/*.ts'

  Finished TypeScript in 968ms ...
  Collecting page data using 9 workers ...
  Generating static pages using 9 workers (0/9) ...
  Generating static pages using 9 workers (2/9) 
  Generating static pages using 9 workers (4/9) 
  Generating static pages using 9 workers (6/9) 
✓ Generating static pages using 9 workers (9/9) in 160ms
  Finalizing page optimization ...

Route (app)
┌ ○ /
├ ○ /_not-found
├ ƒ /api/feedback
├ ƒ /api/health
├ ƒ /api/orders/latest
├ ƒ /dashboard
├ ○ /login
├ ○ /orders
└ ○ /status


○  (Static)   prerendered as static content
ƒ  (Dynamic)  server-rendered on demand

@@bdiff phase start
▲ Next.js 16.4.0
- Local:         http://localhost:3000
- Network:       http://0.0.0.0:3000
✓ Ready in 50ms
✓ Running next.config.ts took 16ms