@@bdiff phase toolchain
@@bdiff phase install
? Verifying lockfile against supply-chain policies (60 entries)...
Downloading next@16.4.0: 0.00 B/43.63 MB
Downloading @img/sharp-libvips-linux-arm64@1.3.4: 0.00 B/8.48 MB
Downloading @next/swc-linux-arm64-gnu@16.4.0: 0.00 B/32.76 MB
[WARN] Tarball download average speed 7 KiB/s (size 7 KiB) is below 50 KiB/s: https://registry.npmjs.org/@types/react-dom/-/react-dom-19.3.0.tgz (GET)
[WARN] Tarball download average speed 14 KiB/s (size 17 KiB) is below 50 KiB/s: https://registry.npmjs.org/@img/colour/-/colour-1.1.0.tgz (GET)
[WARN] Tarball download average speed 14 KiB/s (size 18 KiB) is below 50 KiB/s: https://registry.npmjs.org/tslib/-/tslib-2.8.1.tgz (GET)
[WARN] Tarball download average speed 17 KiB/s (size 25 KiB) is below 50 KiB/s: https://registry.npmjs.org/react/-/react-19.3.0.tgz (GET)
[WARN] Tarball download average speed 42 KiB/s (size 63 KiB) is below 50 KiB/s: https://registry.npmjs.org/@swc/helpers/-/helpers-0.5.23.tgz (GET)
[WARN] Tarball download average speed 27 KiB/s (size 50 KiB) is below 50 KiB/s: https://registry.npmjs.org/postcss/-/postcss-8.5.23.tgz (GET)
[WARN] Tarball download average speed 9 KiB/s (size 20 KiB) is below 50 KiB/s: https://registry.npmjs.org/undici-types/-/undici-types-6.21.0.tgz (GET)
Downloading @next/swc-linux-arm64-gnu@16.4.0: 344.06 kB/32.76 MB
[WARN] Tarball download average speed 10 KiB/s (size 35 KiB) is below 50 KiB/s: https://registry.npmjs.org/source-map-js/-/source-map-js-1.2.2.tgz (GET)
[WARN] Tarball download average speed 49 KiB/s (size 209 KiB) is below 50 KiB/s: https://registry.npmjs.org/sharp/-/sharp-0.35.5.tgz (GET)
Downloading @img/sharp-libvips-linux-arm64@1.3.4: 444.94 kB/8.48 MB
Downloading next@16.4.0: 322.74 kB/43.63 MB
Progress: resolved 28, reused 0, downloaded 24, added 0
Downloading @img/sharp-libvips-linux-arm64@1.3.4: 854.54 kB/8.48 MB
[WARN] Request took 10233ms: https://registry.npmjs.org/@next%2Fswc-linux-x64-gnu
[WARN] Request took 10245ms: https://registry.npmjs.org/scheduler
[WARN] Request took 11210ms: https://registry.npmjs.org/@next%2Fswc-darwin-arm64
[WARN] Request took 11506ms: https://registry.npmjs.org/@next%2Fswc-linux-arm64-musl
[WARN] Request took 12189ms: https://registry.npmjs.org/react
[WARN] Request took 12612ms: https://registry.npmjs.org/@next%2Fswc-darwin-x64
[WARN] Request took 13396ms: https://registry.npmjs.org/typescript
[WARN] Request took 13635ms: https://registry.npmjs.org/@next%2Fenv
Downloading next@16.4.0: 1.46 MB/43.63 MB
Downloading next@16.4.0: 1.72 MB/43.63 MB
Downloading next@16.4.0: 2.00 MB/43.63 MB
Downloading next@16.4.0: 2.35 MB/43.63 MB
Downloading next@16.4.0: 2.71 MB/43.63 MB
Downloading next@16.4.0: 3.16 MB/43.63 MB
Downloading next@16.4.0: 3.63 MB/43.63 MB
Downloading @img/sharp-libvips-linux-arm64@1.3.4: 5.54 MB/8.48 MB
Downloading @img/sharp-libvips-linux-arm64@1.3.4: 5.96 MB/8.48 MB
Downloading @img/sharp-libvips-linux-arm64@1.3.4: 6.37 MB/8.48 MB
[WARN] Request took 24743ms: https://registry.npmjs.org/next
Downloading @img/sharp-libvips-linux-arm64@1.3.4: 7.19 MB/8.48 MB
Downloading @img/sharp-libvips-linux-arm64@1.3.4: 7.71 MB/8.48 MB
Downloading @img/sharp-libvips-linux-arm64@1.3.4: 8.27 MB/8.48 MB
[WARN] Request took 28135ms: https://registry.npmjs.org/@types%2Freact
✓ Lockfile passes supply-chain policies (60 entries in 28.1s)
Lockfile is up to date, resolution step is skipped
Downloading @next/swc-linux-arm64-gnu@16.4.0: 15.66 MB/32.76 MB
Downloading next@16.4.0: 7.39 MB/43.63 MB
Downloading next@16.4.0: 8.01 MB/43.63 MB
Downloading next@16.4.0: 8.83 MB/43.63 MB
Downloading next@16.4.0: 9.53 MB/43.63 MB
Downloading next@16.4.0: 10.34 MB/43.63 MB
Downloading next@16.4.0: 11.02 MB/43.63 MB
Downloading next@16.4.0: 11.90 MB/43.63 MB
Downloading @next/swc-linux-arm64-gnu@16.4.0: 27.28 MB/32.76 MB
Downloading @next/swc-linux-arm64-gnu@16.4.0: 28.57 MB/32.76 MB
Downloading @next/swc-linux-arm64-gnu@16.4.0: 30.15 MB/32.76 MB
Downloading @next/swc-linux-arm64-gnu@16.4.0: 31.59 MB/32.76 MB
Downloading next@16.4.0: 15.92 MB/43.63 MB
Downloading next@16.4.0: 16.91 MB/43.63 MB
Downloading next@16.4.0: 18.57 MB/43.63 MB
Downloading next@16.4.0: 21.04 MB/43.63 MB
Downloading next@16.4.0: 24.24 MB/43.63 MB
Downloading next@16.4.0: 27.14 MB/43.63 MB
Downloading next@16.4.0: 28.58 MB/43.63 MB
Downloading next@16.4.0: 31.20 MB/43.63 MB
Downloading next@16.4.0: 34.05 MB/43.63 MB
Downloading next@16.4.0: 36.67 MB/43.63 MB
Downloading next@16.4.0: 38.97 MB/43.63 MB
Downloading next@16.4.0: 42.01 MB/43.63 MB
Packages are hard linked from the content-addressable store to the virtual store.
  Content-addressable store is at: /root/.local/share/pnpm/store/v11
  Virtual store is at:             node_modules/.pnpm
Packages: +28
++++++++++++++++++++++++++++
Progress: resolved 28, reused 0, downloaded 28, added 28, done

dependencies:
+ next 16.4.0
+ react 19.3.0
+ react-dom 19.3.0

devDependencies:
+ @types/node 22.20.5
+ @types/react 19.3.0
+ @types/react-dom 19.3.0
+ typescript 6.0.3

Done in 53.9s using pnpm v12.9.1
@@bdiff phase build
$ next build
▲ Next.js 16.4.0 (Turbopack)
✓ Running next.config.ts took 10ms
⚠ No build cache found. Please configure build caching for faster rebuilds. Read more: https://nextjs.org/docs/messages/no-cache

  Creating an optimized production build ...
✓ Compiled successfully in 1740ms
  Running TypeScript ...

  We detected TypeScript in your project and reconfigured your tsconfig.json file for you.
  The following suggested values were added to your tsconfig.json. These values can be changed to fit your project's needs:

  	- allowJs was set to true
  	- include was updated to add '.next/dev/types/**/*.ts'

  Finished TypeScript in 1029ms ...
  Collecting page data using 9 workers ...
  Generating static pages using 9 workers (0/9) ...
  Generating static pages using 9 workers (2/9) 
  Generating static pages using 9 workers (4/9) 
  Generating static pages using 9 workers (6/9) 
✓ Generating static pages using 9 workers (9/9) in 91ms
  Finalizing page optimization ...

Route (app)
┌ ○ /
├ ○ /_not-found
├ ƒ /api/feedback
├ ƒ /api/health
├ ƒ /api/orders/latest
├ ƒ /dashboard
├ ○ /login
├ ○ /orders
└ ○ /status


○  (Static)   prerendered as static content
ƒ  (Dynamic)  server-rendered on demand

@@bdiff phase start
▲ Next.js 16.4.0
- Local:         http://localhost:3000
- Network:       http://0.0.0.0:3000
✓ Ready in 47ms
✓ Running next.config.ts took 9ms