@@bdiff phase toolchain
@@bdiff phase install
? Verifying lockfile against supply-chain policies (60 entries)...
Progress: resolved 28, reused 0, downloaded 1, added 0
Downloading @img/sharp-libvips-linux-arm64@1.3.4: 0.00 B/8.48 MB
Downloading next@16.4.0: 0.00 B/43.63 MB
[WARN] Tarball download average speed 42 KiB/s (size 50 KiB) is below 50 KiB/s: https://registry.npmjs.org/postcss/-/postcss-8.5.23.tgz (GET)
Downloading @next/swc-linux-arm64-gnu@16.4.0: 0.00 B/32.76 MB
[WARN] Tarball download average speed 16 KiB/s (size 25 KiB) is below 50 KiB/s: https://registry.npmjs.org/react/-/react-19.3.0.tgz (GET)
[WARN] Tarball download average speed 10 KiB/s (size 20 KiB) is below 50 KiB/s: https://registry.npmjs.org/undici-types/-/undici-types-6.21.0.tgz (GET)
[WARN] Tarball download average speed 16 KiB/s (size 40 KiB) is below 50 KiB/s: https://registry.npmjs.org/baseline-browser-mapping/-/baseline-browser-mapping-2.11.27.tgz (GET)
[WARN] Tarball download average speed 5 KiB/s (size 7 KiB) is below 50 KiB/s: https://registry.npmjs.org/@types/react-dom/-/react-dom-19.3.0.tgz (GET)
[WARN] Tarball download average speed 15 KiB/s (size 17 KiB) is below 50 KiB/s: https://registry.npmjs.org/@img/colour/-/colour-1.1.0.tgz (GET)
Progress: resolved 28, reused 0, downloaded 21, added 0
Downloading next@16.4.0: 229.46 kB/43.63 MB
Downloading next@16.4.0: 339.13 kB/43.63 MB
Downloading next@16.4.0: 449.92 kB/43.63 MB
Downloading next@16.4.0: 630.14 kB/43.63 MB
Downloading next@16.4.0: 892.28 kB/43.63 MB
[WARN] Request took 10950ms: https://registry.npmjs.org/@next%2Fswc-linux-arm64-musl
[WARN] Request took 11128ms: https://registry.npmjs.org/scheduler
[WARN] Request took 11201ms: https://registry.npmjs.org/@next%2Fswc-linux-x64-gnu
Downloading @next/swc-linux-arm64-gnu@16.4.0: 3.85 MB/32.76 MB
Downloading next@16.4.0: 2.71 MB/43.63 MB
Downloading next@16.4.0: 3.44 MB/43.63 MB
[WARN] Request took 15148ms: https://registry.npmjs.org/typescript
Downloading @img/sharp-libvips-linux-arm64@1.3.4: 7.42 MB/8.48 MB
Downloading @img/sharp-libvips-linux-arm64@1.3.4: 8.30 MB/8.48 MB
Downloading @next/swc-linux-arm64-gnu@16.4.0: 9.82 MB/32.76 MB
Downloading @next/swc-linux-arm64-gnu@16.4.0: 10.75 MB/32.76 MB
Downloading @next/swc-linux-arm64-gnu@16.4.0: 11.57 MB/32.76 MB
✓ Lockfile passes supply-chain policies (60 entries in 21.6s)
Lockfile is up to date, resolution step is skipped
Downloading next@16.4.0: 9.47 MB/43.63 MB
Downloading next@16.4.0: 10.29 MB/43.63 MB
Downloading next@16.4.0: 11.30 MB/43.63 MB
Downloading next@16.4.0: 12.25 MB/43.63 MB
Downloading next@16.4.0: 13.24 MB/43.63 MB
Downloading next@16.4.0: 14.35 MB/43.63 MB
Downloading next@16.4.0: 14.92 MB/43.63 MB
Downloading @next/swc-linux-arm64-gnu@16.4.0: 18.03 MB/32.76 MB
Downloading @next/swc-linux-arm64-gnu@16.4.0: 18.91 MB/32.76 MB
Downloading @next/swc-linux-arm64-gnu@16.4.0: 19.88 MB/32.76 MB
Downloading @next/swc-linux-arm64-gnu@16.4.0: 20.78 MB/32.76 MB
Downloading @next/swc-linux-arm64-gnu@16.4.0: 21.87 MB/32.76 MB
Downloading @next/swc-linux-arm64-gnu@16.4.0: 22.99 MB/32.76 MB
Downloading @next/swc-linux-arm64-gnu@16.4.0: 24.42 MB/32.76 MB
Downloading @next/swc-linux-arm64-gnu@16.4.0: 25.83 MB/32.76 MB
Downloading @next/swc-linux-arm64-gnu@16.4.0: 27.03 MB/32.76 MB
Downloading @next/swc-linux-arm64-gnu@16.4.0: 28.42 MB/32.76 MB
Downloading @next/swc-linux-arm64-gnu@16.4.0: 29.73 MB/32.76 MB
Downloading @next/swc-linux-arm64-gnu@16.4.0: 30.95 MB/32.76 MB
Downloading @next/swc-linux-arm64-gnu@16.4.0: 32.59 MB/32.76 MB
Downloading next@16.4.0: 27.42 MB/43.63 MB
Downloading next@16.4.0: 29.51 MB/43.63 MB
Downloading next@16.4.0: 31.78 MB/43.63 MB
Downloading next@16.4.0: 34.03 MB/43.63 MB
Downloading next@16.4.0: 35.31 MB/43.63 MB
Downloading next@16.4.0: 37.45 MB/43.63 MB
Downloading next@16.4.0: 39.27 MB/43.63 MB
Downloading next@16.4.0: 41.07 MB/43.63 MB
Downloading next@16.4.0: 43.10 MB/43.63 MB
Packages are hard linked from the content-addressable store to the virtual store.
  Content-addressable store is at: /root/.local/share/pnpm/store/v11
  Virtual store is at:             node_modules/.pnpm
Packages: +28
++++++++++++++++++++++++++++
Progress: resolved 28, reused 0, downloaded 28, added 28, done

dependencies:
+ next 16.4.0
+ react 19.3.0
+ react-dom 19.3.0

devDependencies:
+ @types/node 22.20.5
+ @types/react 19.3.0
+ @types/react-dom 19.3.0
+ typescript 6.0.3

Done in 52.4s using pnpm v12.9.1
@@bdiff phase build
$ next build
▲ Next.js 16.4.0 (Turbopack)
✓ Running next.config.ts took 10ms
⚠ No build cache found. Please configure build caching for faster rebuilds. Read more: https://nextjs.org/docs/messages/no-cache

  Creating an optimized production build ...
✓ Compiled successfully in 1651ms
  Running TypeScript ...

  We detected TypeScript in your project and reconfigured your tsconfig.json file for you.
  The following suggested values were added to your tsconfig.json. These values can be changed to fit your project's needs:

  	- allowJs was set to true
  	- include was updated to add '.next/dev/types/**/*.ts'

  Finished TypeScript in 1073ms ...
  Collecting page data using 9 workers ...
  Generating static pages using 9 workers (0/9) ...
  Generating static pages using 9 workers (2/9) 
  Generating static pages using 9 workers (4/9) 
  Generating static pages using 9 workers (6/9) 
✓ Generating static pages using 9 workers (9/9) in 91ms
  Finalizing page optimization ...

Route (app)
┌ ○ /
├ ○ /_not-found
├ ƒ /api/feedback
├ ƒ /api/health
├ ƒ /api/orders/latest
├ ƒ /dashboard
├ ○ /login
├ ○ /orders
└ ○ /status


○  (Static)   prerendered as static content
ƒ  (Dynamic)  server-rendered on demand

@@bdiff phase start
▲ Next.js 16.4.0
- Local:         http://localhost:3000
- Network:       http://0.0.0.0:3000
✓ Ready in 49ms
✓ Running next.config.ts took 13ms