@@bdiff phase toolchain
@@bdiff phase install
? Verifying lockfile against supply-chain policies (60 entries)...
Downloading @next/swc-linux-arm64-gnu@16.4.0: 0.00 B/32.76 MB
Downloading next@16.4.0: 0.00 B/43.63 MB
[WARN] Tarball download average speed 6 KiB/s (size 7 KiB) is below 50 KiB/s: https://registry.npmjs.org/@types/react-dom/-/react-dom-19.3.0.tgz (GET)
[WARN] Tarball download average speed 11 KiB/s (size 17 KiB) is below 50 KiB/s: https://registry.npmjs.org/@img/colour/-/colour-1.1.0.tgz (GET)
Downloading @img/sharp-libvips-linux-arm64@1.3.4: 0.00 B/8.48 MB
[WARN] Tarball download average speed 18 KiB/s (size 28 KiB) is below 50 KiB/s: https://registry.npmjs.org/semver/-/semver-7.8.5.tgz (GET)
[WARN] Tarball download average speed 15 KiB/s (size 25 KiB) is below 50 KiB/s: https://registry.npmjs.org/react/-/react-19.3.0.tgz (GET)
[WARN] Tarball download average speed 4 KiB/s (size 9 KiB) is below 50 KiB/s: https://registry.npmjs.org/scheduler/-/scheduler-0.28.0.tgz (GET)
[WARN] Tarball download average speed 20 KiB/s (size 50 KiB) is below 50 KiB/s: https://registry.npmjs.org/postcss/-/postcss-8.5.23.tgz (GET)
[WARN] Tarball download average speed 38 KiB/s (size 135 KiB) is below 50 KiB/s: https://registry.npmjs.org/csstype/-/csstype-3.2.3.tgz (GET)
Progress: resolved 28, reused 0, downloaded 23, added 0
Downloading @img/sharp-libvips-linux-arm64@1.3.4: 1.64 MB/8.48 MB
Downloading @img/sharp-libvips-linux-arm64@1.3.4: 2.24 MB/8.48 MB
Downloading next@16.4.0: 335.87 kB/43.63 MB
Downloading @img/sharp-libvips-linux-arm64@1.3.4: 3.67 MB/8.48 MB
Downloading @img/sharp-libvips-linux-arm64@1.3.4: 4.51 MB/8.48 MB
[WARN] Request took 11339ms: https://registry.npmjs.org/@next%2Fswc-darwin-arm64
[WARN] Request took 11643ms: https://registry.npmjs.org/typescript
[WARN] Request took 12039ms: https://registry.npmjs.org/scheduler
[WARN] Request took 12571ms: https://registry.npmjs.org/react
[WARN] Request took 13290ms: https://registry.npmjs.org/@types%2Fnode
Downloading next@16.4.0: 565.24 kB/43.63 MB
Downloading next@16.4.0: 630.78 kB/43.63 MB
[WARN] Request took 16720ms: https://registry.npmjs.org/@next%2Fenv
Downloading @next/swc-linux-arm64-gnu@16.4.0: 7.15 MB/32.76 MB
[WARN] Request took 17999ms: https://registry.npmjs.org/next
Downloading next@16.4.0: 909.31 kB/43.63 MB
Downloading next@16.4.0: 1.04 MB/43.63 MB
Downloading @next/swc-linux-arm64-gnu@16.4.0: 10.45 MB/32.76 MB
Downloading next@16.4.0: 1.43 MB/43.63 MB
[WARN] Request took 22950ms: https://registry.npmjs.org/react-dom
✓ Lockfile passes supply-chain policies (60 entries in 23s)
Lockfile is up to date, resolution step is skipped
Downloading @next/swc-linux-arm64-gnu@16.4.0: 14.35 MB/32.76 MB
Downloading @next/swc-linux-arm64-gnu@16.4.0: 15.69 MB/32.76 MB
Downloading @next/swc-linux-arm64-gnu@16.4.0: 16.82 MB/32.76 MB
Downloading @next/swc-linux-arm64-gnu@16.4.0: 18.26 MB/32.76 MB
Downloading @next/swc-linux-arm64-gnu@16.4.0: 19.60 MB/32.76 MB
Downloading @next/swc-linux-arm64-gnu@16.4.0: 20.96 MB/32.76 MB
Downloading @next/swc-linux-arm64-gnu@16.4.0: 22.08 MB/32.76 MB
Downloading @next/swc-linux-arm64-gnu@16.4.0: 23.16 MB/32.76 MB
Downloading @next/swc-linux-arm64-gnu@16.4.0: 23.92 MB/32.76 MB
Downloading @next/swc-linux-arm64-gnu@16.4.0: 25.34 MB/32.76 MB
Downloading @next/swc-linux-arm64-gnu@16.4.0: 26.98 MB/32.76 MB
Downloading @next/swc-linux-arm64-gnu@16.4.0: 28.77 MB/32.76 MB
Downloading next@16.4.0: 7.57 MB/43.63 MB
Downloading next@16.4.0: 8.87 MB/43.63 MB
Downloading next@16.4.0: 11.26 MB/43.63 MB
Downloading next@16.4.0: 13.96 MB/43.63 MB
Downloading next@16.4.0: 16.99 MB/43.63 MB
Downloading next@16.4.0: 20.39 MB/43.63 MB
Downloading next@16.4.0: 23.62 MB/43.63 MB
Downloading next@16.4.0: 25.97 MB/43.63 MB
Downloading next@16.4.0: 28.66 MB/43.63 MB
Downloading next@16.4.0: 31.61 MB/43.63 MB
Downloading next@16.4.0: 33.92 MB/43.63 MB
Downloading next@16.4.0: 35.60 MB/43.63 MB
Downloading next@16.4.0: 36.76 MB/43.63 MB
Downloading next@16.4.0: 38.10 MB/43.63 MB
Downloading next@16.4.0: 39.66 MB/43.63 MB
Downloading next@16.4.0: 41.26 MB/43.63 MB
Downloading next@16.4.0: 42.84 MB/43.63 MB
Packages are hard linked from the content-addressable store to the virtual store.
  Content-addressable store is at: /root/.local/share/pnpm/store/v11
  Virtual store is at:             node_modules/.pnpm
Packages: +28
++++++++++++++++++++++++++++
Progress: resolved 28, reused 0, downloaded 28, added 28, done

dependencies:
+ next 16.4.0
+ react 19.3.0
+ react-dom 19.3.0

devDependencies:
+ @types/node 22.20.5
+ @types/react 19.3.0
+ @types/react-dom 19.3.0
+ typescript 6.0.3

Done in 54.4s using pnpm v12.9.1
@@bdiff phase build
$ next build
▲ Next.js 16.4.0 (Turbopack)
✓ Running next.config.ts took 10ms
⚠ No build cache found. Please configure build caching for faster rebuilds. Read more: https://nextjs.org/docs/messages/no-cache

  Creating an optimized production build ...
✓ Compiled successfully in 1779ms
  Running TypeScript ...

  We detected TypeScript in your project and reconfigured your tsconfig.json file for you.
  The following suggested values were added to your tsconfig.json. These values can be changed to fit your project's needs:

  	- allowJs was set to true
  	- include was updated to add '.next/dev/types/**/*.ts'

  Finished TypeScript in 983ms ...
  Collecting page data using 9 workers ...
  Generating static pages using 9 workers (0/9) ...
  Generating static pages using 9 workers (2/9) 
  Generating static pages using 9 workers (4/9) 
  Generating static pages using 9 workers (6/9) 
✓ Generating static pages using 9 workers (9/9) in 87ms
  Finalizing page optimization ...

Route (app)
┌ ○ /
├ ○ /_not-found
├ ƒ /api/feedback
├ ƒ /api/health
├ ƒ /api/orders/latest
├ ƒ /dashboard
├ ○ /login
├ ○ /orders
└ ○ /status


○  (Static)   prerendered as static content
ƒ  (Dynamic)  server-rendered on demand

@@bdiff phase start
▲ Next.js 16.4.0
- Local:         http://localhost:3000
- Network:       http://0.0.0.0:3000
✓ Ready in 47ms
✓ Running next.config.ts took 10ms