@@bdiff phase toolchain
@@bdiff phase install
? Verifying lockfile against supply-chain policies (60 entries)...
Downloading @img/sharp-libvips-linux-arm64@1.3.4: 0.00 B/8.48 MB
Downloading next@16.4.0: 0.00 B/43.63 MB
Downloading @next/swc-linux-arm64-gnu@16.4.0: 0.00 B/32.76 MB
[WARN] Tarball download average speed 15 KiB/s (size 17 KiB) is below 50 KiB/s: https://registry.npmjs.org/@img/colour/-/colour-1.1.0.tgz (GET)
[WARN] Tarball download average speed 6 KiB/s (size 7 KiB) is below 50 KiB/s: https://registry.npmjs.org/@types/react-dom/-/react-dom-19.3.0.tgz (GET)
[WARN] Tarball download average speed 23 KiB/s (size 35 KiB) is below 50 KiB/s: https://registry.npmjs.org/source-map-js/-/source-map-js-1.2.2.tgz (GET)
Downloading @next/swc-linux-arm64-gnu@16.4.0: 1.38 MB/32.76 MB
Downloading next@16.4.0: 466.39 kB/43.63 MB
Downloading next@16.4.0: 679.38 kB/43.63 MB
Downloading next@16.4.0: 794.07 kB/43.63 MB
Downloading next@16.4.0: 990.67 kB/43.63 MB
Downloading next@16.4.0: 1.20 MB/43.63 MB
Downloading @next/swc-linux-arm64-gnu@16.4.0: 3.83 MB/32.76 MB
[WARN] Request took 10501ms: https://registry.npmjs.org/@next%2Fswc-win32-arm64-msvc
[WARN] Request took 11212ms: https://registry.npmjs.org/@next%2Fswc-linux-x64-musl
Downloading @next/swc-linux-arm64-gnu@16.4.0: 4.69 MB/32.76 MB
Downloading next@16.4.0: 2.10 MB/43.63 MB
[WARN] Request took 13820ms: https://registry.npmjs.org/typescript
[WARN] Request took 14449ms: https://registry.npmjs.org/@types%2Fnode
[WARN] Request took 15363ms: https://registry.npmjs.org/@next%2Fswc-darwin-arm64
[WARN] Request took 15458ms: https://registry.npmjs.org/@next%2Fswc-linux-x64-gnu
[WARN] Request took 15643ms: https://registry.npmjs.org/react
Downloading @next/swc-linux-arm64-gnu@16.4.0: 6.78 MB/32.76 MB
Downloading @next/swc-linux-arm64-gnu@16.4.0: 7.36 MB/32.76 MB
Downloading @next/swc-linux-arm64-gnu@16.4.0: 8.06 MB/32.76 MB
Downloading next@16.4.0: 4.21 MB/43.63 MB
Downloading next@16.4.0: 4.69 MB/43.63 MB
Downloading next@16.4.0: 5.21 MB/43.63 MB
Downloading next@16.4.0: 5.70 MB/43.63 MB
Downloading next@16.4.0: 6.24 MB/43.63 MB
[WARN] Request took 10274ms: https://registry.npmjs.org/typescript
✓ Lockfile passes supply-chain policies (60 entries in 24.2s)
Lockfile is up to date, resolution step is skipped
Downloading @next/swc-linux-arm64-gnu@16.4.0: 12.72 MB/32.76 MB
Downloading @next/swc-linux-arm64-gnu@16.4.0: 13.86 MB/32.76 MB
Downloading @next/swc-linux-arm64-gnu@16.4.0: 15.12 MB/32.76 MB
Downloading @next/swc-linux-arm64-gnu@16.4.0: 16.47 MB/32.76 MB
Downloading @img/sharp-libvips-linux-arm64@1.3.4: 7.01 MB/8.48 MB
Downloading @img/sharp-libvips-linux-arm64@1.3.4: 7.68 MB/8.48 MB
Downloading next@16.4.0: 11.50 MB/43.63 MB
Downloading next@16.4.0: 12.62 MB/43.63 MB
Downloading next@16.4.0: 13.77 MB/43.63 MB
Downloading next@16.4.0: 15.07 MB/43.63 MB
Downloading next@16.4.0: 15.91 MB/43.63 MB
Downloading next@16.4.0: 17.27 MB/43.63 MB
Downloading next@16.4.0: 18.45 MB/43.63 MB
Downloading next@16.4.0: 19.74 MB/43.63 MB
Downloading @next/swc-linux-arm64-gnu@16.4.0: 29.46 MB/32.76 MB
Downloading @next/swc-linux-arm64-gnu@16.4.0: 31.56 MB/32.76 MB
Downloading next@16.4.0: 22.79 MB/43.63 MB
Downloading next@16.4.0: 24.33 MB/43.63 MB
Downloading next@16.4.0: 26.18 MB/43.63 MB
Downloading next@16.4.0: 28.11 MB/43.63 MB
Downloading next@16.4.0: 29.92 MB/43.63 MB
Downloading next@16.4.0: 33.06 MB/43.63 MB