@@bdiff phase toolchain
@@bdiff phase install
? Verifying lockfile against supply-chain policies (60 entries)...
Downloading @img/sharp-libvips-linux-arm64@1.3.4: 0.00 B/8.48 MB
Downloading next@16.4.0: 0.00 B/43.63 MB
Downloading @next/swc-linux-arm64-gnu@16.4.0: 0.00 B/32.76 MB
Downloading @next/swc-linux-arm64-gnu@16.4.0: 90.09 kB/32.76 MB
[WARN] Tarball download average speed 11 KiB/s (size 17 KiB) is below 50 KiB/s: https://registry.npmjs.org/@img/colour/-/colour-1.1.0.tgz (GET)
[WARN] Tarball download average speed 30 KiB/s (size 40 KiB) is below 50 KiB/s: https://registry.npmjs.org/baseline-browser-mapping/-/baseline-browser-mapping-2.11.27.tgz (GET)
[WARN] Tarball download average speed 21 KiB/s (size 28 KiB) is below 50 KiB/s: https://registry.npmjs.org/semver/-/semver-7.8.5.tgz (GET)
[WARN] Tarball download average speed 35 KiB/s (size 50 KiB) is below 50 KiB/s: https://registry.npmjs.org/postcss/-/postcss-8.5.23.tgz (GET)
[WARN] Tarball download average speed 12 KiB/s (size 35 KiB) is below 50 KiB/s: https://registry.npmjs.org/source-map-js/-/source-map-js-1.2.2.tgz (GET)
Downloading @img/sharp-libvips-linux-arm64@1.3.4: 178.88 kB/8.48 MB
Downloading next@16.4.0: 1.07 MB/43.63 MB
Downloading next@16.4.0: 1.38 MB/43.63 MB
Downloading next@16.4.0: 1.69 MB/43.63 MB
Downloading next@16.4.0: 1.97 MB/43.63 MB
Downloading next@16.4.0: 2.33 MB/43.63 MB
Downloading next@16.4.0: 2.62 MB/43.63 MB
[WARN] Request took 11196ms: https://registry.npmjs.org/@next%2Fswc-darwin-arm64
Downloading next@16.4.0: 3.02 MB/43.63 MB
[WARN] Request took 12901ms: https://registry.npmjs.org/@next%2Fswc-win32-x64-msvc
[WARN] Request took 13528ms: https://registry.npmjs.org/@next%2Fenv
[WARN] Request took 13686ms: https://registry.npmjs.org/next
[WARN] Request took 14129ms: https://registry.npmjs.org/@types%2Fnode
[WARN] Request took 14772ms: https://registry.npmjs.org/caniuse-lite
[WARN] Request took 15464ms: https://registry.npmjs.org/typescript
[WARN] Request took 15539ms: https://registry.npmjs.org/scheduler
Downloading next@16.4.0: 4.66 MB/43.63 MB
Downloading @next/swc-linux-arm64-gnu@16.4.0: 5.23 MB/32.76 MB
Downloading @next/swc-linux-arm64-gnu@16.4.0: 5.77 MB/32.76 MB
Downloading @next/swc-linux-arm64-gnu@16.4.0: 6.22 MB/32.76 MB
Downloading @next/swc-linux-arm64-gnu@16.4.0: 6.87 MB/32.76 MB
Downloading @next/swc-linux-arm64-gnu@16.4.0: 7.63 MB/32.76 MB
Downloading @next/swc-linux-arm64-gnu@16.4.0: 8.20 MB/32.76 MB
Downloading @img/sharp-libvips-linux-arm64@1.3.4: 2.84 MB/8.48 MB
✓ Lockfile passes supply-chain policies (60 entries in 25.4s)
Lockfile is up to date, resolution step is skipped
Downloading @next/swc-linux-arm64-gnu@16.4.0: 10.13 MB/32.76 MB
Downloading @next/swc-linux-arm64-gnu@16.4.0: 10.79 MB/32.76 MB
Downloading @next/swc-linux-arm64-gnu@16.4.0: 11.54 MB/32.76 MB
Downloading @img/sharp-libvips-linux-arm64@1.3.4: 4.74 MB/8.48 MB
Downloading @img/sharp-libvips-linux-arm64@1.3.4: 5.27 MB/8.48 MB
Downloading next@16.4.0: 11.69 MB/43.63 MB
Downloading next@16.4.0: 12.47 MB/43.63 MB
Downloading next@16.4.0: 13.39 MB/43.63 MB
Downloading next@16.4.0: 14.28 MB/43.63 MB
Downloading @img/sharp-libvips-linux-arm64@1.3.4: 8.22 MB/8.48 MB
Downloading @next/swc-linux-arm64-gnu@16.4.0: 18.62 MB/32.76 MB
Downloading next@16.4.0: 17.41 MB/43.63 MB
Downloading @next/swc-linux-arm64-gnu@16.4.0: 21.65 MB/32.76 MB
Downloading @next/swc-linux-arm64-gnu@16.4.0: 23.15 MB/32.76 MB
Downloading @next/swc-linux-arm64-gnu@16.4.0: 24.52 MB/32.76 MB
Downloading @next/swc-linux-arm64-gnu@16.4.0: 26.04 MB/32.76 MB
Downloading next@16.4.0: 22.78 MB/43.63 MB
Downloading next@16.4.0: 23.66 MB/43.63 MB
Downloading next@16.4.0: 24.86 MB/43.63 MB
Downloading next@16.4.0: 26.30 MB/43.63 MB
Downloading next@16.4.0: 27.92 MB/43.63 MB
Downloading next@16.4.0: 30.48 MB/43.63 MB
Downloading next@16.4.0: 33.19 MB/43.63 MB
Downloading next@16.4.0: 37.58 MB/43.63 MB
Downloading next@16.4.0: 41.93 MB/43.63 MB
Packages are hard linked from the content-addressable store to the virtual store.
  Content-addressable store is at: /root/.local/share/pnpm/store/v11
  Virtual store is at:             node_modules/.pnpm
Packages: +28
++++++++++++++++++++++++++++
Progress: resolved 28, reused 0, downloaded 28, added 28, done

dependencies:
+ next 16.4.0
+ react 19.3.0
+ react-dom 19.3.0

devDependencies:
+ @types/node 22.20.5
+ @types/react 19.3.0
+ @types/react-dom 19.3.0
+ typescript 6.0.3

Done in 52s using pnpm v12.9.1
@@bdiff phase build
$ next build
▲ Next.js 16.4.0 (Turbopack)
✓ Running next.config.ts took 14ms
⚠ No build cache found. Please configure build caching for faster rebuilds. Read more: https://nextjs.org/docs/messages/no-cache

  Creating an optimized production build ...
✓ Compiled successfully in 1630ms
  Running TypeScript ...

  We detected TypeScript in your project and reconfigured your tsconfig.json file for you.
  The following suggested values were added to your tsconfig.json. These values can be changed to fit your project's needs:

  	- allowJs was set to true
  	- include was updated to add '.next/dev/types/**/*.ts'

  Finished TypeScript in 909ms ...
  Collecting page data using 9 workers ...
  Generating static pages using 9 workers (0/9) ...
  Generating static pages using 9 workers (2/9) 
  Generating static pages using 9 workers (4/9) 
  Generating static pages using 9 workers (6/9) 
✓ Generating static pages using 9 workers (9/9) in 87ms
  Finalizing page optimization ...

Route (app)
┌ ○ /
├ ○ /_not-found
├ ƒ /api/feedback
├ ƒ /api/health
├ ƒ /api/orders/latest
├ ƒ /dashboard
├ ○ /login
├ ○ /orders
└ ○ /status


○  (Static)   prerendered as static content
ƒ  (Dynamic)  server-rendered on demand

@@bdiff phase start
▲ Next.js 16.4.0
- Local:         http://localhost:3000
- Network:       http://0.0.0.0:3000
✓ Ready in 47ms
✓ Running next.config.ts took 10ms