@@bdiff phase toolchain
@@bdiff phase install
? Verifying lockfile against supply-chain policies (60 entries)...
Downloading next@16.4.0: 0.00 B/43.63 MB
Downloading @img/sharp-libvips-linux-arm64@1.3.4: 0.00 B/8.48 MB
Downloading @next/swc-linux-arm64-gnu@16.4.0: 0.00 B/32.76 MB
[WARN] Tarball download average speed 14 KiB/s (size 18 KiB) is below 50 KiB/s: https://registry.npmjs.org/tslib/-/tslib-2.8.1.tgz (GET)
[WARN] Tarball download average speed 22 KiB/s (size 40 KiB) is below 50 KiB/s: https://registry.npmjs.org/baseline-browser-mapping/-/baseline-browser-mapping-2.11.27.tgz (GET)
[WARN] Tarball download average speed 8 KiB/s (size 9 KiB) is below 50 KiB/s: https://registry.npmjs.org/scheduler/-/scheduler-0.28.0.tgz (GET)
[WARN] Tarball download average speed 41 KiB/s (size 63 KiB) is below 50 KiB/s: https://registry.npmjs.org/@swc/helpers/-/helpers-0.5.23.tgz (GET)
Downloading @img/sharp-libvips-linux-arm64@1.3.4: 248.15 kB/8.48 MB
Downloading next@16.4.0: 1.48 MB/43.63 MB
Downloading next@16.4.0: 1.95 MB/43.63 MB
Downloading next@16.4.0: 2.72 MB/43.63 MB
Downloading @img/sharp-libvips-linux-arm64@1.3.4: 974.84 kB/8.48 MB
Downloading @img/sharp-libvips-linux-arm64@1.3.4: 1.28 MB/8.48 MB
[WARN] Request took 10114ms: https://registry.npmjs.org/@next%2Fswc-win32-arm64-msvc
[WARN] Request took 10573ms: https://registry.npmjs.org/@next%2Fswc-linux-arm64-musl
Downloading @img/sharp-libvips-linux-arm64@1.3.4: 1.58 MB/8.48 MB
[WARN] Request took 11821ms: https://registry.npmjs.org/@next%2Fswc-darwin-x64
Downloading next@16.4.0: 4.67 MB/43.63 MB
[WARN] Request took 13663ms: https://registry.npmjs.org/@next%2Fenv
[WARN] Request took 13715ms: https://registry.npmjs.org/@next%2Fswc-linux-arm64-gnu
[WARN] Request took 14003ms: https://registry.npmjs.org/react
[WARN] Request took 14718ms: https://registry.npmjs.org/@next%2Fswc-linux-x64-musl
Downloading @next/swc-linux-arm64-gnu@16.4.0: 3.12 MB/32.76 MB
Downloading next@16.4.0: 6.14 MB/43.63 MB
Downloading next@16.4.0: 6.48 MB/43.63 MB
[WARN] Request took 18265ms: https://registry.npmjs.org/typescript
Downloading @img/sharp-libvips-linux-arm64@1.3.4: 2.94 MB/8.48 MB
[WARN] Request took 20035ms: https://registry.npmjs.org/next
[WARN] Request took 10142ms: https://registry.npmjs.org/@types%2Fnode
Downloading next@16.4.0: 8.23 MB/43.63 MB
Downloading next@16.4.0: 8.87 MB/43.63 MB
Downloading next@16.4.0: 9.64 MB/43.63 MB
Downloading next@16.4.0: 10.55 MB/43.63 MB
Downloading @next/swc-linux-arm64-gnu@16.4.0: 6.81 MB/32.76 MB
Downloading @next/swc-linux-arm64-gnu@16.4.0: 7.24 MB/32.76 MB
Downloading next@16.4.0: 12.73 MB/43.63 MB
Downloading @next/swc-linux-arm64-gnu@16.4.0: 8.20 MB/32.76 MB
Downloading next@16.4.0: 14.39 MB/43.63 MB
Downloading @next/swc-linux-arm64-gnu@16.4.0: 9.44 MB/32.76 MB
[WARN] Request took 13300ms: https://registry.npmjs.org/typescript
✓ Lockfile passes supply-chain policies (60 entries in 31.8s)
Lockfile is up to date, resolution step is skipped
Downloading next@16.4.0: 17.11 MB/43.63 MB
Downloading @next/swc-linux-arm64-gnu@16.4.0: 11.53 MB/32.76 MB
Downloading next@16.4.0: 19.33 MB/43.63 MB
Downloading next@16.4.0: 20.71 MB/43.63 MB
Downloading next@16.4.0: 21.94 MB/43.63 MB
Downloading next@16.4.0: 23.22 MB/43.63 MB
Downloading next@16.4.0: 24.28 MB/43.63 MB
Downloading next@16.4.0: 25.18 MB/43.63 MB
Downloading next@16.4.0: 26.31 MB/43.63 MB
Downloading next@16.4.0: 27.28 MB/43.63 MB
Downloading next@16.4.0: 28.62 MB/43.63 MB
Downloading @next/swc-linux-arm64-gnu@16.4.0: 20.34 MB/32.76 MB
Downloading @next/swc-linux-arm64-gnu@16.4.0: 21.80 MB/32.76 MB
Downloading @next/swc-linux-arm64-gnu@16.4.0: 23.40 MB/32.76 MB
Downloading @next/swc-linux-arm64-gnu@16.4.0: 25.04 MB/32.76 MB
Downloading @next/swc-linux-arm64-gnu@16.4.0: 26.40 MB/32.76 MB
Downloading @next/swc-linux-arm64-gnu@16.4.0: 27.89 MB/32.76 MB
Downloading @next/swc-linux-arm64-gnu@16.4.0: 29.53 MB/32.76 MB
Downloading @next/swc-linux-arm64-gnu@16.4.0: 30.86 MB/32.76 MB
Downloading @next/swc-linux-arm64-gnu@16.4.0: 32.33 MB/32.76 MB
Downloading next@16.4.0: 40.30 MB/43.63 MB
Downloading next@16.4.0: 42.07 MB/43.63 MB
Packages are hard linked from the content-addressable store to the virtual store.
  Content-addressable store is at: /root/.local/share/pnpm/store/v11
  Virtual store is at:             node_modules/.pnpm
Packages: +28
++++++++++++++++++++++++++++
Progress: resolved 28, reused 0, downloaded 28, added 28, done

dependencies:
+ next 16.4.0
+ react 19.3.0
+ react-dom 19.3.0

devDependencies:
+ @types/node 22.20.5
+ @types/react 19.3.0
+ @types/react-dom 19.3.0
+ typescript 6.0.3

Done in 56.1s using pnpm v12.9.1
@@bdiff phase build
$ next build
▲ Next.js 16.4.0 (Turbopack)
✓ Running next.config.ts took 10ms
⚠ No build cache found. Please configure build caching for faster rebuilds. Read more: https://nextjs.org/docs/messages/no-cache

  Creating an optimized production build ...
✓ Compiled successfully in 1641ms
  Running TypeScript ...

  We detected TypeScript in your project and reconfigured your tsconfig.json file for you.
  The following suggested values were added to your tsconfig.json. These values can be changed to fit your project's needs:

  	- allowJs was set to true
  	- include was updated to add '.next/dev/types/**/*.ts'

  Finished TypeScript in 944ms ...
  Collecting page data using 9 workers ...
  Generating static pages using 9 workers (0/9) ...
  Generating static pages using 9 workers (2/9) 
  Generating static pages using 9 workers (4/9) 
  Generating static pages using 9 workers (6/9) 
✓ Generating static pages using 9 workers (9/9) in 142ms
  Finalizing page optimization ...

Route (app)
┌ ○ /
├ ○ /_not-found
├ ƒ /api/feedback
├ ƒ /api/health
├ ƒ /api/orders/latest
├ ƒ /dashboard
├ ○ /login
├ ○ /orders
└ ○ /status


○  (Static)   prerendered as static content
ƒ  (Dynamic)  server-rendered on demand

@@bdiff phase start
▲ Next.js 16.4.0
- Local:         http://localhost:3000
- Network:       http://0.0.0.0:3000
✓ Ready in 49ms
✓ Running next.config.ts took 13ms